// Jest Snapshot v1, https://goo.gl/fbAQLP

exports[`LineProtocol rendering renders! 1`] = `
<Form
  onSubmit={[Function]}
>
  <div
    className="wizard-step--scroll-area"
  >
    <FancyScrollbar
      autoHeight={false}
      autoHide={false}
      maxHeight={null}
      setScrollTop={[Function]}
      style={Object {}}
    >
      <div
        className="wizard-step--scroll-content"
      >
        <h3
          className="wizard-step--title"
        >
          Add Data via Line Protocol
        </h3>
        <h5
          className="wizard-step--sub-title"
        >
          Need help writing InfluxDB Line Protocol? See Documentation
        </h5>
        <Connect(LineProtocolTabs)
          bucket="a"
          org="a"
          tabs={
            Array [
              "Upload File",
              "Enter Manually",
              "Enter URL",
            ]
          }
        />
      </div>
    </FancyScrollbar>
  </div>
  <OnboardingButtons
    autoFocusNext={true}
    backButtonText="Back to Select Data Source Type"
    nextButtonStatus="default"
    nextButtonText="Continue to Verify"
    showSkip={true}
    skipButtonText="Skip Config"
  />
</Form>
`;
